// Jest Snapshot v1, https://goo.gl/fbAQLP

exports[`The main app It renders the main page correctly 1`] = `
<div>
  <_default />
  <Connect(Password) />
  <_default />
</div>
`;
